=== relay start Thu Oct  1 10:07:54 UTC 2026 ===
Linux runnervm8df0l 6.17.0-1022-azure #22-Ubuntu SMP Mon Jul 27 17:24:03 UTC 2026 x86_64 x86_64 x86_64 GNU/Linux
Filesystem      Size  Used Avail Use% Mounted on
/dev/root       145G   59G   86G  41% /
               total        used        free      shared  buff/cache   available
Mem:            15Gi       1.2Gi        11Gi        42Mi       2.9Gi        14Gi
Swap:          3.0Gi          0B       3.0Gi
4
[10:07:54] state0-setup-done
(no changes for state0-setup-done)
[10:07:55] pushed: state0-setup-done
total 44
drwxr-xr-x 2 runner runner  4096 Oct  1 10:07 .
drwxr-xr-x 7 runner runner  4096 Oct  1 10:07 ..
-rw-r--r-- 1 runner runner 35111 Oct  1 10:07 HumsYar_Master_Prompt_Physiology.md
# پرامپت_master — بانک سوالات طبقه‌بندی‌شده HumsYar

> **روش استفاده:** کل این فایل را به‌عنوان پرامپت به ایجنت بدهید و فایل‌های ورودی (جزوه PDF/Markdown، لوگو، نمونه‌های تصویری) را پیوست کنید. ایجنت باید دقیقاً طبق همین مشخصات، بانک [10:07:56] state1-prompt-md-fetched
(no changes for state1-prompt-md-fetched)
[10:07:56] pushed: state1-prompt-md-fetched
total 1641368
drwxr-xr-x 2 runner runner       4096 Oct  1 10:07 .
drwxr-xr-x 4 runner runner       4096 Oct  1 10:07 ..
-rw-r--r-- 1 runner runner 1680747445 Oct  1 10:09 phys.rar
1.6G	work/tmp/phys.rar
[10:09:06] state2-rar-downloaded
(no changes for state2-rar-downloaded)
[10:09:06] pushed: state2-rar-downloaded
work/tmp/phys.rar: RAR archive data, v5
52 work/relay/rar_list.txt
1  فیزیک پزشکی/فیزیک پزشکی تشعشع/7.mp4
    ..A....  41409943  2026-10-01 18:31  فیزیک پزشکی/فیزیک پزشکی تشعشع/8.mp4
    ..A....  30835673  2026-10-01 18:31  فیزیک پزشکی/فیزیک پزشکی تشعشع/9.mp4
    ..A....     36807  2026-10-01 18:42  فیزیک پزشکی/فیزیک پزشکی تشعشع/M.Ph.P.D [Repaired] [Repaired].md
    ..A....   4032174  2026-10-01 18:30  فیزیک پزشکی/فیزیک پزشکی تشعشع/M.Ph.P.D [Repaired] [Repaired].pdf
    ..A....     40201  2026-10-01 18:50  فیزیک پزشکی/فیزیک پزشکی تشعشع/جزوه فیزیک تشعشع و پزشکی هسته_ای.md
    ..A....  18872987  2026-10-01 18:31  فیزیک پزشکی/فیزیک پزشکی تشعشع/جزوه فیزیک تشعشع و پزشکی هسته_ای.pdf
    ..A....     18965  2026-10-01 18:54  فیزیک پزشکی/فیزیک پزشکی تشعشع/جزوه فیزیک سونوگرافی.md
    ..A....   8188873  2026-10-01 18:30  فیزیک پزشکی/فیزیک پزشکی تشعشع/جزوه فیزیک سونوگرافی.pdf
    ..A....  38743689  2026-10-01 18:31  فیزیک پزشکی/فیزیک پزشکی تشعشع/جلسه اول حق پرست .mp4
    ..A....  34488065  2026-10-01 18:31  فیزیک پزشکی/فیزیک پزشکی تشعشع/جلسه دوم حق پرست.mp4
    ..A....  44433652  2026-10-01 18:31  فیزیک پزشکی/فیزیک پزشکی تشعشع/جلسه سوم حق پرست.mp4
    ..A....  60669567  2026-10-01 18:31  فیزیک پزشکی/فیزیک پزشکی تشعشع/جلسه ششم حق پرست.mp4
    ..A....  67746662  2026-10-01 18:31  فیزیک پزشکی/فیزیک پزشکی تشعشع/جلسه پنجم حق پرست.mp4
    ..A....  45599193  2026-10-01 18:31  فیزیک پزشکی/فیزیک پزشکی تشعشع/جلسه چهارم حق پرست.mp4
    ..A....     36807  2026-10-01 18:57  فیزیک پزشکی/نمونه سوال/M.Ph.P.D [Repaired] [Repaired] (1).md
    ..A....    821854  2026-10-01 18:26  فیزیک پزشکی/نمونه سوال/Medical Physics.pdf
    ..A....    182405  2026-10-01 18:56  فیزیک پزشکی/نمونه سوال/بانک سوالات فیزیک پزشکی هامزیار.md
    ..A....   3309215  2026-10-01 18:30  فیزیک پزشکی/نمونه سوال/بانک سوالات فیزیک پزشکی هامزیار.pdf
    ...D...         0  2026-10-01 18:39  فیزیک پزشکی/MRI
    ...D...         0  2026-10-01 18:40  فیزیک پزشکی/رادیوبیولوژِی
    ...D...         0  2026-10-01 18:41  فیزیک پزشکی/فیزیک پزشکی
    ...D...         0  2026-10-01 18:54  فیزیک پزشکی/فیزیک پزشکی تشعشع
    ...D...         0  2026-10-01 18:57  فیزیک پزشکی/نمونه سوال
    ...D...         0  2026-10-01 18:30  فیزیک پزشکی
----------- ---------  ---------- -----  ----
           2844881822                    41

[10:09:06] state3-archive-listed
(no changes for state3-archive-listed)
[10:09:06] pushed: state3-archive-listed
35
2.7G	src/extracted
[10:09:17] state4-extracted
(no changes for state4-extracted)
[10:09:18] pushed: state4-extracted
{'path': 'src/extracted/فیزیک پزشکی/فیزیک پزشکی/جزوه افضلی پور.md', 'name': 'جزوه افضلی پور.md', 'size': 49477, 'size_h': '0.0MB', 'kind': 'doc'}
{'path': 'src/extracted/فیزیک پزشکی/فیزیک پزشکی/جزوه افضلی پور.pdf', 'name': 'جزوه افضلی پور.pdf', 'size': 8290183, 'size_h': '8.3MB', 'kind': 'doc', 'pages': 124, 'text_chars': 29192}
{'path': 'src/extracted/فیزیک پزشکی/فیزیک پزشکی/جلسه دوم افضلی پور.mp4', 'name': 'جلسه دوم افضلی پور.mp4', 'size': 98945329, 'size_h': '98.9MB', 'kind': 'video', 'duration': '?'}
{'path': 'src/extracted/فیزیک پزشکی/فیزیک پزشکی/جلسه سوم افضلی پور.mp4', 'name': 'جلسه سوم افضلی پور.mp4', 'size': 69131863, 'size_h': '69.1MB', 'kind': 'video', 'duration': '?'}
{'path': 'src/extracted/فیزیک پزشکی/فیزیک پزشکی/جلسه چهارم افضلی پور.mp4', 'name': 'جلسه چهارم افضلی پور.mp4', 'size': 84628922, 'size_h': '84.6MB', 'kind': 'video', 'duration': '?'}
{'path': 'src/extracted/فیزیک پزشکی/نمونه سوال/M.Ph.P.D [Repaired] [Repaired] (1).md', 'name': 'M.Ph.P.D [Repaired] [Repaired] (1).md', 'size': 36807, 'size_h': '0.0MB', 'kind': 'doc'}
{'path': 'src/extracted/فیزیک پزشکی/نمونه سوال/Medical Physics.pdf', 'name': 'Medical Physics.pdf', 'size': 821854, 'size_h': '0.8MB', 'kind': 'doc', 'pages': 5, 'text_chars': 8915}
{'path': 'src/extracted/فیزیک پزشکی/نمونه سوال/بانک سوالات فیزیک پزشکی هامزیار.md', 'name': 'بانک سوالات فیزیک پزشکی هامزیار.md', 'size': 182405, 'size_h': '0.2MB', 'kind': 'doc'}
{'path': 'src/extracted/فیزیک پزشکی/نمونه سوال/بانک سوالات فیزیک پزشکی هامزیار.pdf', 'name': 'بانک سوالات فیزیک پزشکی هامزیار.pdf', 'size': 3309215, 'size_h': '3.3MB', 'kind': 'doc', 'pages': 98, 'text_chars': 99304}
{'path': 'src/extracted/فیزیک پزشکی/رادیوبیولوژِی/جزوه لیلی درویش.md', 'name': 'جزوه لیلی درویش.md', 'size': 29298, 'size_h': '0.0MB', 'kind': 'doc'}
{'path': 'src/extracted/فیزیک پزشکی/رادیوبیولوژِی/جزوه لیلی درویش.pdf', 'name': 'جزوه لیلی درویش.pdf', 'size': 16094328, 'size_h': '16.1MB', 'kind': 'doc', 'pages': 82, 'text_chars': 21960}
{'path': 'src/extracted/فیزیک پزشکی/رادیوبیولوژِی/رادیوبیولوژی 1-  فیزیک پزشکی.mp4', 'name': 'رادیوبیولوژی 1-  فیزیک پزشکی.mp4', 'size': 131926466, 'size_h': '131.9MB', 'kind': 'video', 'duration': '?'}
{'path': 'src/extracted/فیزیک پزشکی/رادیوبیولوژِی/رادیوبیولوژی 3-ویدئو-فیزیک پزشکی.mp4', 'name': 'رادیوبیولوژی 3-ویدئو-فیزیک پزشکی.mp4', 'size': 215319501, 'size_h': '215.3MB', 'kind': 'video', 'duration': '?'}
{'path': 'src/extracted/فیزیک پزشکی/رادیوبیولوژِی/فیزیک پزشکی- رادیوبیولوژی2.mp4', 'name': 'فیزیک پزشکی- رادیوبیولوژی2.mp4', 'size': 216495537, 'size_h': '216.5MB', 'kind': 'video', 'duration': '?'}
{'path': 'src/extracted/فیزیک پزشکی/فیزیک پزشکی تشعشع/10.mp4', 'name': '10.mp4', 'size': 48795692, 'size_h': '48.8MB', 'kind': 'video', 'duration': '?'}
{'path': 'src/extracted/فیزیک پزشکی/فیزیک پزشکی تشعشع/7.mp4', 'name': '7.mp4', 'size': 43909638, 'size_h': '43.9MB', 'kind': 'video', 'duration': '?'}
{'path': 'src/extracted/فیزیک پزشکی/فیزیک پزشکی تشعشع/8.mp4', 'name': '8.mp4', 'size': 41409943, 'size_h': '41.4MB', 'kind': 'video', 'duration': '?'}
{'path': 'src/extracted/فیزیک پزشکی/فیزیک پزشکی تشعشع/9.mp4', 'name': '9.mp4', 'size': 30835673, 'size_h': '30.8MB', 'kind': 'video', 'duration': '?'}
{'path': 'src/extracted/فیزیک پزشکی/فیزیک پزشکی تشعشع/M.Ph.P.D [Repaired] [Repaired].md', 'name': 'M.Ph.P.D [Repaired] [Repaired].md', 'size': 36807, 'size_h': '0.0MB', 'kind': 'doc'}
{'path': 'src/extracted/فیزیک پزشکی/فیزیک پزشکی تشعشع/M.Ph.P.D [Repaired] [Repaired].pdf', 'name': 'M.Ph.P.D [Repaired] [Repaired].pdf', 'size': 4032174, 'size_h': '4.0MB', 'kind': 'doc', 'pages': 103, 'text_chars': 22832}
{'path': 'src/extracted/فیزیک پزشکی/فیزیک پزشکی تشعشع/جزوه فیزیک تشعشع و پزشکی هسته_ای.md', 'name': 'جزوه فیزیک تشعشع و پزشکی هسته_ای.md', 'size': 40201, 'size_h': '0.0MB', 'kind': 'doc'}
{'path': 'src/extracted/فیزیک پزشکی/فیزیک پزشکی تشعشع/جزوه فیزیک تشعشع و پزشکی هسته_ای.pdf', 'name': 'جزوه فیزیک تشعشع و پزشکی هسته_ای.pdf', 'size': 18872987, 'size_h': '18.9MB', 'kind': 'doc', 'pages': 45, 'text_chars': 0}
{'path': 'src/extracted/فیزیک پزشکی/فیزیک پزشکی تشعشع/جزوه فیزیک سونوگرافی.md', 'name': 'جزوه فیزیک سونوگرافی.md', 'size': 18965, 'size_h': '0.0MB', 'kind': 'doc'}
{'path': 'src/extracted/فیزیک پزشکی/فیزیک پزشکی تشعشع/جزوه فیزیک سونوگرافی.pdf', 'name': 'جزوه فیزیک سونوگرافی.pdf', 'size': 8188873, 'size_h': '8.2MB', 'kind': 'doc', 'pages': 23, 'text_chars': 0}
{'path': 'src/extracted/فیزیک پزشکی/فیزیک پزشکی تشعشع/جلسه اول حق پرست .mp4', 'name': 'جلسه اول حق پرست .mp4', 'size': 38743689, 'size_h': '38.7MB', 'kind': 'video', 'duration': '?'}
{'path': 'src/extracted/فیزیک پزشکی/فیزیک پزشکی تشعشع/جلسه دوم حق پرست.mp4', 'name': 'جلسه دوم حق پرست.mp4', 'size': 34488065, 'size_h': '34.5MB', 'kind': 'video', 'duration': '?'}
{'path': 'src/extracted/فیزیک پزشکی/فیزیک پزشکی تشعشع/جلسه سوم حق پرست.mp4', 'name': 'جلسه سوم حق پرست.mp4', 'size': 44433652, 'size_h': '44.4MB', 'kind': 'video', 'duration': '?'}
{'path': 'src/extracted/فیزیک پزشکی/فیزیک پزشکی تشعشع/جلسه ششم حق پرست.mp4', 'name': 'جلسه ششم حق پرست.mp4', 'size': 60669567, 'size_h': '60.7MB', 'kind': 'video', 'duration': '?'}
{'path': 'src/extracted/فیزیک پزشکی/فیزیک پزشکی تشعشع/جلسه پنجم حق پرست.mp4', 'name': 'جلسه پنجم حق پرست.mp4', 'size': 67746662, 'size_h': '67.7MB', 'kind': 'video', 'duration': '?'}
{'path': 'src/extracted/فیزیک پزشکی/فیزیک پزشکی تشعشع/جلسه چهارم حق پرست.mp4', 'name': 'جلسه چهارم حق پرست.mp4', 'size': 45599193, 'size_h': '45.6MB', 'kind': 'video', 'duration': '?'}
{'path': 'src/extracted/فیزیک پزشکی/MRI/22MRI (1).md', 'name': '22MRI (1).md', 'size': 15038, 'size_h': '0.0MB', 'kind': 'doc'}
{'path': 'src/extracted/فیزیک پزشکی/MRI/22MRI.pdf', 'name': '22MRI.pdf', 'size': 6459949, 'size_h': '6.5MB', 'kind': 'doc', 'pages': 51, 'text_chars': 9819}
{'path': 'src/extracted/فیزیک پزشکی/MRI/MRI 1.mp4', 'name': 'MRI 1.mp4', 'size': 597840150, 'size_h': '597.8MB', 'kind': 'video', 'duration': '?'}
{'path': 'src/extracted/فیزیک پزشکی/MRI/MRI 2.mp4', 'name': 'MRI 2.mp4', 'size': 577520006, 'size_h': '577.5MB', 'kind': 'video', 'duration': '?'}
{'path': 'src/extracted/فیزیک پزشکی/MRI/MRI 3.mp4', 'name': 'MRI 3.mp4', 'size': 329963713, 'size_h': '330.0MB', 'kind': 'video', 'duration': '?'}
wrote INVENTORY.md
[10:09:19] state5-inventory-made
[10:09:29] pushed: state5-inventory-made
M  work/relay/status.log
?? work/relay/big_files.txt
To https://github.com/esogand15-droid/fizipzshi
   f47dacf..804377c  HEAD -> arena/01a0f6eb-fizipzshi
[10:09:31] state6-sources-committed
[Thu Oct  1 10:10:54 UTC 2026] archive-videos start
total 1641368
drwxr-xr-x 2 runner runner       4096 Oct  1 10:10 .
drwxr-xr-x 4 runner runner       4096 Oct  1 10:10 ..
-rw-r--r-- 1 runner runner 1680747445 Oct  1 10:12 phys.rar
title:	HumsYar MedPhysics — source media (videos)
tag:	sources-v1
draft:	false
prerelease:	false
immutable:	false
author:	github-actions[bot]
created:	2026-10-01T10:03:28Z
published:	2026-10-01T10:12:03Z
url:	https://github.com/esogand15-droid/fizipzshi/releases/tag/sources-v1
--
Source lecture videos for the HumsYar medical-physics jozve, archived from the original RAR. Large binaries live here (not in git history).
19 work/relay/video_list.txt
01	MRI 1.mp4	1273.120408	597840150	work/videos/فیزیک پزشکی/MRI/MRI 1.mp4
02	MRI 2.mp4	1357.567415	577520006	work/videos/فیزیک پزشکی/MRI/MRI 2.mp4
03	MRI 3.mp4	912.222630	329963713	work/videos/فیزیک پزشکی/MRI/MRI 3.mp4
04	رادیوبیولوژی 1-  فیزیک پزشکی.mp4	958.069796	131926466	work/videos/فیزیک پزشکی/رادیوبیولوژِی/رادیوبیولوژی 1-  فیزیک پزشکی.mp4
05	رادیوبیولوژی 3-ویدئو-فیزیک پزشکی.mp4	1772.113424	215319501	work/videos/فیزیک پزشکی/رادیوبیولوژِی/رادیوبیولوژی 3-ویدئو-فیزیک پزشکی.mp4
06	فیزیک پزشکی- رادیوبیولوژی2.mp4	1466.359206	216495537	work/videos/فیزیک پزشکی/رادیوبیولوژِی/فیزیک پزشکی- رادیوبیولوژی2.mp4
07	10.mp4	1321.432000	48795692	work/videos/فیزیک پزشکی/فیزیک پزشکی تشعشع/10.mp4
08	7.mp4	1235.098700	43909638	work/videos/فیزیک پزشکی/فیزیک پزشکی تشعشع/7.mp4
09	8.mp4	1327.965300	41409943	work/videos/فیزیک پزشکی/فیزیک پزشکی تشعشع/8.mp4
10	9.mp4	961.799000	30835673	work/videos/فیزیک پزشکی/فیزیک پزشکی تشعشع/9.mp4
11	جلسه اول حق پرست .mp4	900.199000	38743689	work/videos/فیزیک پزشکی/فیزیک پزشکی تشعشع/جلسه اول حق پرست .mp4
12	جلسه دوم حق پرست.mp4	1140.898800	34488065	work/videos/فیزیک پزشکی/فیزیک پزشکی تشعشع/جلسه دوم حق پرست.mp4
13	جلسه سوم حق پرست.mp4	1261.898700	44433652	work/videos/فیزیک پزشکی/فیزیک پزشکی تشعشع/جلسه سوم حق پرست.mp4
14	جلسه ششم حق پرست.mp4	1237.632000	60669567	work/videos/فیزیک پزشکی/فیزیک پزشکی تشعشع/جلسه ششم حق پرست.mp4
15	جلسه پنجم حق پرست.mp4	1837.731400	67746662	work/videos/فیزیک پزشکی/فیزیک پزشکی تشعشع/جلسه پنجم حق پرست.mp4
16	جلسه چهارم حق پرست.mp4	1293.498700	45599193	work/videos/فیزیک پزشکی/فیزیک پزشکی تشعشع/جلسه چهارم حق پرست.mp4
17	جلسه دوم افضلی پور.mp4	1981.590930	98945329	work/videos/فیزیک پزشکی/فیزیک پزشکی/جلسه دوم افضلی پور.mp4
18	جلسه سوم افضلی پور.mp4	1286.269388	69131863	work/videos/فیزیک پزشکی/فیزیک پزشکی/جلسه سوم افضلی پور.mp4
19	جلسه چهارم افضلی پور.mp4	2032.558730	84628922	work/videos/فیزیک پزشکی/فیزیک پزشکی/جلسه چهارم افضلی پور.mp4
01.mp4 597840150
02.mp4 577520006
03.mp4 329963713
04.mp4 131926466
05.mp4 215319501
06.mp4 216495537
07.mp4 48795692
08.mp4 43909638
09.mp4 41409943
10.mp4 30835673
11.mp4 38743689
12.mp4 34488065
13.mp4 44433652
14.mp4 60669567
15.mp4 67746662
16.mp4 45599193
17.mp4 98945329
18.mp4 69131863
19.mp4 84628922
total video duration: 7.10 h over 19 files
[10:13:50] archive-videos-done
