[02] duration=22.6min chunks=2 todo=2
[02] model loaded in 4s
[0;93m2026-10-01 10:34:24.253279663 [W:onnxruntime:Default, device_discovery.cc:146 GetPciBusId] Skipping pci_bus_id for PCI path at "/sys/devices/LNXSYSTM:00/LNXSYBUS:00/ACPI0004:00/MSFT1000:00/5620e0c7-8062-4dce-aeb7-520c7ef76171" because filename "5620e0c7-8062-4dce-aeb7-520c7ef76171" did not match expected pattern of [0-9a-f]+:[0-9a-f]+:[0-9a-f]+[.][0-9a-f]+[m
[02] chunk 0 done in 36.0min (20.0min audio, x1.80 realtime)
[out#0/wav @ 0x55fb95a95380] Error opening output work/tmp_media/02_001.wav: No such file or directory
Error opening output file work/tmp_media/02_001.wav.
Error opening output files: No such file or directory
Traceback (most recent call last):
  File "/home/runner/work/fizipzshi/fizipzshi/tools/transcribe_one.py", line 156, in <module>
    sys.exit(main())
             ^^^^^^
  File "/home/runner/work/fizipzshi/fizipzshi/tools/transcribe_one.py", line 108, in main
    extract_audio(video, wav, s, d)
  File "/home/runner/work/fizipzshi/fizipzshi/tools/transcribe_one.py", line 51, in extract_audio
    sh(cmd)
  File "/home/runner/work/fizipzshi/fizipzshi/tools/transcribe_one.py", line 28, in sh
    return subprocess.run(cmd, check=True, **kw)
           ^^^^^^^^^^^^^^^^^^^^^^^^^^^^^^^^^^^^^
  File "/usr/lib/python3.12/subprocess.py", line 571, in run
    raise CalledProcessError(retcode, process.args,
subprocess.CalledProcessError: Command '['ffmpeg', '-hide_banner', '-loglevel', 'error', '-y', '-ss', '1200.0', '-i', 'work/media/02.mp4', '-t', '157.56741499999998', '-vn', '-ac', '1', '-ar', '16000', '-c:a', 'pcm_s16le', 'work/tmp_media/02_001.wav']' returned non-zero exit status 254.
